processed 1/450
processed 2/450
processed 3/450
processed 4/450
processed 5/450
processed 6/450
processed 7/450
processed 8/450
processed 9/450
processed 10/450
processed 11/450
processed 12/450
processed 13/450
processed 14/450
processed 15/450
processed 16/450
processed 17/450
processed 18/450
processed 19/450
processed 20/450
processed 21/450
processed 22/450
processed 23/450
processed 24/450
processed 25/450
processed 26/450
processed 27/450
processed 28/450
processed 29/450
processed 30/450
processed 31/450
processed 32/450
processed 33/450
processed 34/450
processed 35/450
processed 36/450
processed 37/450
processed 38/450
processed 39/450
processed 40/450
processed 41/450
processed 42/450
processed 43/450
processed 44/450
processed 45/450
processed 46/450
processed 47/450
processed 48/450
processed 49/450
processed 50/450
processed 51/450
processed 52/450
processed 53/450
processed 54/450
processed 55/450
processed 56/450
processed 57/450
processed 58/450
processed 59/450
processed 60/450
processed 61/450
processed 62/450
processed 63/450
processed 64/450
processed 65/450
processed 66/450
processed 67/450
processed 68/450
processed 69/450
processed 70/450
processed 71/450
processed 72/450
processed 73/450
processed 74/450
processed 75/450
processed 76/450
processed 77/450
processed 78/450
processed 79/450
processed 80/450
processed 81/450
processed 82/450
processed 83/450
processed 84/450
processed 85/450
processed 86/450
processed 87/450
processed 88/450
processed 89/450
processed 90/450
processed 91/450
processed 92/450
processed 93/450
processed 94/450
processed 95/450
processed 96/450
processed 97/450
processed 98/450
processed 99/450
processed 100/450
processed 101/450
processed 102/450
processed 103/450
processed 104/450
processed 105/450
processed 106/450
processed 107/450
processed 108/450
processed 109/450
processed 110/450
processed 111/450
processed 112/450
processed 113/450
processed 114/450
processed 115/450
processed 116/450
processed 117/450
processed 118/450
processed 119/450
processed 120/450
processed 121/450
processed 122/450
processed 123/450
processed 124/450
processed 125/450
processed 126/450
processed 127/450
processed 128/450
processed 129/450
processed 130/450
processed 131/450
processed 132/450
processed 133/450
processed 134/450
processed 135/450
processed 136/450
processed 137/450
processed 138/450
processed 139/450
processed 140/450
processed 141/450
processed 142/450
processed 143/450
processed 144/450
processed 145/450
processed 146/450
processed 147/450
processed 148/450
processed 149/450
processed 150/450
processed 151/450
processed 152/450
processed 153/450
processed 154/450
processed 155/450
processed 156/450
processed 157/450
processed 158/450
processed 159/450
processed 160/450
processed 161/450
processed 162/450
processed 163/450
processed 164/450
processed 165/450
processed 166/450
processed 167/450
processed 168/450
processed 169/450
processed 170/450
processed 171/450
processed 172/450
processed 173/450
processed 174/450
processed 175/450
processed 176/450
processed 177/450
processed 178/450
processed 179/450
processed 180/450
processed 181/450
processed 182/450
processed 183/450
processed 184/450
processed 185/450
processed 186/450
processed 187/450
processed 188/450
processed 189/450
processed 190/450
processed 191/450
processed 192/450
processed 193/450
processed 194/450
processed 195/450
processed 196/450
processed 197/450
processed 198/450
processed 199/450
processed 200/450
processed 201/450
processed 202/450
processed 203/450
processed 204/450
processed 205/450
processed 206/450
processed 207/450
processed 208/450
processed 209/450
processed 210/450
processed 211/450
processed 212/450
processed 213/450
processed 214/450
processed 215/450
processed 216/450
processed 217/450
processed 218/450
processed 219/450
processed 220/450
processed 221/450
processed 222/450
processed 223/450
processed 224/450
processed 225/450
processed 226/450
processed 227/450
processed 228/450
processed 229/450
processed 230/450
processed 231/450
processed 232/450
processed 233/450
processed 234/450
processed 235/450
processed 236/450
processed 237/450
processed 238/450
processed 239/450
processed 240/450
processed 241/450
processed 242/450
processed 243/450
processed 244/450
processed 245/450
processed 246/450
processed 247/450
processed 248/450
processed 249/450
processed 250/450
processed 251/450
processed 252/450
processed 253/450
processed 254/450
processed 255/450
processed 256/450
processed 257/450
processed 258/450
processed 259/450
processed 260/450
processed 261/450
processed 262/450
processed 263/450
processed 264/450
processed 265/450
processed 266/450
processed 267/450
processed 268/450
processed 269/450
processed 270/450
processed 271/450
processed 272/450
processed 273/450
processed 274/450
processed 275/450
processed 276/450
processed 277/450
processed 278/450
processed 279/450
processed 280/450
processed 281/450
processed 282/450
processed 283/450
processed 284/450
processed 285/450
processed 286/450
processed 287/450
processed 288/450
processed 289/450
processed 290/450
processed 291/450
processed 292/450
processed 293/450
processed 294/450
processed 295/450
processed 296/450
processed 297/450
processed 298/450
processed 299/450
processed 300/450
processed 301/450
processed 302/450
processed 303/450
processed 304/450
processed 305/450
processed 306/450
processed 307/450
processed 308/450
processed 309/450
processed 310/450
processed 311/450
processed 312/450
processed 313/450
processed 314/450
processed 315/450
processed 316/450
processed 317/450
processed 318/450
processed 319/450
processed 320/450
processed 321/450
processed 322/450
processed 323/450
processed 324/450
processed 325/450
processed 326/450
processed 327/450
processed 328/450
processed 329/450
processed 330/450
processed 331/450
processed 332/450
processed 333/450
processed 334/450
processed 335/450
processed 336/450
processed 337/450
processed 338/450
processed 339/450
processed 340/450
processed 341/450
processed 342/450
processed 343/450
processed 344/450
processed 345/450
processed 346/450
processed 347/450
processed 348/450
processed 349/450
processed 350/450
processed 351/450
processed 352/450
processed 353/450
processed 354/450
processed 355/450
processed 356/450
processed 357/450
processed 358/450
processed 359/450
processed 360/450
processed 361/450
processed 362/450
processed 363/450
processed 364/450
processed 365/450
processed 366/450
processed 367/450
processed 368/450
processed 369/450
processed 370/450
processed 371/450
processed 372/450
processed 373/450
processed 374/450
processed 375/450
processed 376/450
processed 377/450
processed 378/450
processed 379/450
processed 380/450
processed 381/450
processed 382/450
processed 383/450
processed 384/450
processed 385/450
processed 386/450
processed 387/450
processed 388/450
processed 389/450
processed 390/450
processed 391/450
processed 392/450
processed 393/450
processed 394/450
processed 395/450
processed 396/450
processed 397/450
processed 398/450
processed 399/450
processed 400/450
processed 401/450
processed 402/450
processed 403/450
processed 404/450
processed 405/450
processed 406/450
processed 407/450
processed 408/450
processed 409/450
processed 410/450
processed 411/450
processed 412/450
processed 413/450
processed 414/450
processed 415/450
processed 416/450
processed 417/450
processed 418/450
processed 419/450
processed 420/450
processed 421/450
processed 422/450
processed 423/450
processed 424/450
processed 425/450
processed 426/450
processed 427/450
processed 428/450
processed 429/450
processed 430/450
processed 431/450
processed 432/450
processed 433/450
processed 434/450
processed 435/450
processed 436/450
processed 437/450
processed 438/450
processed 439/450
processed 440/450
processed 441/450
processed 442/450
processed 443/450
processed 444/450
processed 445/450
processed 446/450
processed 447/450
processed 448/450
processed 449/450
processed 450/450

FULL RESNET18 CLASSIFICATION-PRESERVING LOCALISATION ATTACK EVALUATION

checkpoint SHA: 25ad8b1482be20e9d5e450770d6970b820ebc9470c9da3c4ec46db2558009402
device:         cuda
gpu:            NVIDIA GeForce RTX 5090
evaluated images: 450
clipped GT rectangles: 21
population: clean-correct only
objective: minimise Grad-CAM E
constraint: attack_logit - bonafide_logit >= 0
optimizer: projected sign-gradient with classification-boundary pull-back
second-order Grad-CAM attack: yes
epsilon: 1.00/255
alpha:   0.25/255
steps:   10
bisection steps: 8
attack support: document content only
padding: frozen exactly
final evaluator: frozen clean_rma.compute_rma_metrics
visual audit: paired clean -> adversarial overlays for every image
visual convention: WHITE CAM contour; CYAN face GT; MAGENTA text GT; GREY document boundary
visual PNGs written: 1350
uncertainty: file-stem cluster bootstrap 95% CI
max pixel L_inf: 0.00392159
max padding change: 0
max clean-vs-saved probability error: 0.00148243

PRIMARY FULL SUMMARY:
evaluation_split    variant  n_images  n_stems  classification_preserved  classification_preservation_rate  clean_zero_cam_fraction  adv_zero_cam_fraction  cam_change_defined_fraction  pixel_linf_mean  pixel_linf_max  accepted_steps_mean  boundary_pullbacks_mean  max_saved_probability_abs_error  classification_preservation_rate_mean  classification_preservation_rate_ci_low  classification_preservation_rate_ci_high  E_strictly_improved_fraction_mean  E_strictly_improved_fraction_ci_low  E_strictly_improved_fraction_ci_high  clean_zero_cam_fraction_boot_mean  clean_zero_cam_fraction_boot_ci_low  clean_zero_cam_fraction_boot_ci_high  adv_zero_cam_fraction_boot_mean  adv_zero_cam_fraction_boot_ci_low  adv_zero_cam_fraction_boot_ci_high  cam_change_defined_fraction_boot_mean  cam_change_defined_fraction_boot_ci_low  cam_change_defined_fraction_boot_ci_high  clean_p_attack_mean  clean_p_attack_ci_low  clean_p_attack_ci_high  adv_p_attack_mean  adv_p_attack_ci_low  adv_p_attack_ci_high  clean_margin_mean  clean_margin_ci_low  clean_margin_ci_high  adv_margin_mean  adv_margin_ci_low  adv_margin_ci_high   A_mean  A_ci_low  A_ci_high  E_clean_mean  E_clean_ci_low  E_clean_ci_high  E_adv_mean  E_adv_ci_low  E_adv_ci_high  absolute_E_degradation_mean  absolute_E_degradation_ci_low  absolute_E_degradation_ci_high  relative_E_degradation_mean  relative_E_degradation_ci_low  relative_E_degradation_ci_high  mu_w_clean_mean  mu_w_clean_ci_low  mu_w_clean_ci_high  mu_w_adv_mean  mu_w_adv_ci_low  mu_w_adv_ci_high  absolute_mu_w_degradation_mean  absolute_mu_w_degradation_ci_low  absolute_mu_w_degradation_ci_high  relative_mu_w_degradation_mean  relative_mu_w_degradation_ci_low  relative_mu_w_degradation_ci_high  PG_clean_mean  PG_clean_ci_low  PG_clean_ci_high  PG_adv_mean  PG_adv_ci_low  PG_adv_ci_high  absolute_PG_degradation_mean  absolute_PG_degradation_ci_low  absolute_PG_degradation_ci_high  cam_cosine_mean  cam_cosine_ci_low  cam_cosine_ci_high  cam_tv_mean  cam_tv_ci_low  cam_tv_ci_high
         dev_val  digital_1       153       51                       153                               1.0                      0.0                    0.0                          1.0         0.003604        0.003922             6.705882                 0.150327                         0.000239                                    1.0                                      1.0                                       1.0                                1.0                                  1.0                                   1.0                                0.0                                  0.0                                   0.0                              0.0                                0.0                                 0.0                                    1.0                                      1.0                                       1.0             0.999755               0.999583                0.999889           0.919736             0.891125              0.944929          12.937430            12.134879             13.784423         5.143846           4.496191            5.808150 0.158975  0.145210   0.173945      0.706624        0.677261         0.735891    0.145832      0.134643       0.158096                     0.560792                       0.535261                        0.587627                     0.792367                       0.778575                        0.805949         4.774401           4.461542            5.096865       0.983040         0.893449          1.072491                        3.791361                          3.525083                           4.064816                        0.792367                          0.778769                           0.806282       1.000000         1.000000          1.000000     0.673203       0.568627        0.771242                      0.326797                        0.228758                         0.424837         0.287614           0.252861            0.326343     0.778066       0.754031        0.801423
         dev_val  digital_2       153       51                       153                               1.0                      0.0                    0.0                          1.0         0.003890        0.003922             9.104575                 0.620915                         0.000225                                    1.0                                      1.0                                       1.0                                1.0                                  1.0                                   1.0                                0.0                                  0.0                                   0.0                              0.0                                0.0                                 0.0                                    1.0                                      1.0                                       1.0             0.999778               0.999586                0.999933           0.840973             0.797644              0.880280          14.996284            13.828326             16.240271         4.041766           3.204115            5.025746 0.092581  0.084652   0.101269      0.545959        0.513799         0.579219    0.100375      0.087110       0.113785                     0.445584                       0.415238                        0.477573                     0.812151                       0.787464                        0.836712         6.161340           5.858339            6.441789       1.172262         1.004827          1.345883                        4.989079                          4.724521                           5.237480                        0.812151                          0.787944                           0.835668       0.522876         0.418301          0.627451     0.235294       0.156863        0.313725                      0.287582                        0.156863                         0.418301         0.271993           0.234183            0.308196     0.755207       0.725429        0.783776
   official_test facedancer       144       86                       144                               1.0                      0.0                    0.0                          1.0         0.003841        0.003922             9.041667                 0.437500                         0.001482                                    1.0                                      1.0                                       1.0                                1.0                                  1.0                                   1.0                                0.0                                  0.0                                   0.0                              0.0                                0.0                                 0.0                                    1.0                                      1.0                                       1.0             0.987189               0.971561                0.998136           0.909453             0.879616              0.937408          13.797959            12.346740             15.256335         5.338434           4.587076            6.102852 0.066195  0.061651   0.070587      0.494048        0.469661         0.517948    0.022627      0.015569       0.030249                     0.471421                       0.444887                        0.496400                     0.951199                       0.929682                        0.968363         7.823404           7.536647            8.128530       0.374259         0.232302          0.550764                        7.449146                          7.134348                           7.772270                        0.951199                          0.929110                           0.968445       0.722222         0.620683          0.816901     0.000000       0.000000        0.000000                      0.722222                        0.618705                         0.818182         0.112231           0.088276            0.139885     0.887493       0.862130        0.909602

OUTPUTS:
  config:    /home/sush/ForgedDocDeepID/output/resnet18_localisation_attack_preserve_cls_full/localisation_attack_full_config.json
  selection: /home/sush/ForgedDocDeepID/output/resnet18_localisation_attack_preserve_cls_full/localisation_attack_full_selection.csv
  per image: /home/sush/ForgedDocDeepID/output/resnet18_localisation_attack_preserve_cls_full/localisation_attack_full_per_image.csv
  summary:   /home/sush/ForgedDocDeepID/output/resnet18_localisation_attack_preserve_cls_full/localisation_attack_full_summary.csv
  CAMs:      /home/sush/ForgedDocDeepID/output/resnet18_localisation_attack_preserve_cls_full/localisation_attack_full_layer4_maps.npz
  visuals:   /home/sush/ForgedDocDeepID/output/resnet18_localisation_attack_preserve_cls_full/visuals

STOP HERE.
Classification-preserving localisation attack evaluation complete.
