processed 4/456
processed 8/456
processed 12/456
processed 16/456
processed 20/456
processed 24/456
processed 28/456
processed 32/456
processed 36/456
processed 40/456
processed 44/456
processed 48/456
processed 52/456
processed 56/456
processed 60/456
processed 64/456
processed 68/456
processed 72/456
processed 76/456
processed 80/456
processed 84/456
processed 88/456
processed 92/456
processed 96/456
processed 100/456
processed 104/456
processed 108/456
processed 112/456
processed 116/456
processed 120/456
processed 124/456
processed 128/456
processed 132/456
processed 136/456
processed 140/456
processed 144/456
processed 148/456
processed 152/456
processed 156/456
processed 160/456
processed 164/456
processed 168/456
processed 172/456
processed 176/456
processed 180/456
processed 184/456
processed 188/456
processed 192/456
processed 196/456
processed 200/456
processed 204/456
processed 208/456
processed 212/456
processed 216/456
processed 220/456
processed 224/456
processed 228/456
processed 232/456
processed 236/456
processed 240/456
processed 244/456
processed 248/456
processed 252/456
processed 256/456
processed 260/456
processed 264/456
processed 268/456
processed 272/456
processed 276/456
processed 280/456
processed 284/456
processed 288/456
processed 292/456
processed 296/456
processed 300/456
processed 304/456
processed 308/456
processed 312/456
processed 316/456
processed 320/456
processed 324/456
processed 328/456
processed 332/456
processed 336/456
processed 340/456
processed 344/456
processed 348/456
processed 352/456
processed 356/456
processed 360/456
processed 364/456
processed 368/456
processed 372/456
processed 376/456
processed 380/456
processed 384/456
processed 388/456
processed 392/456
processed 396/456
processed 400/456
processed 404/456
processed 408/456
processed 412/456
processed 416/456
processed 420/456
processed 424/456
processed 428/456
processed 432/456
processed 436/456
processed 440/456
processed 444/456
processed 448/456
processed 452/456
processed 456/456

FULL RESNET18 ADVERSARIAL LOCALISATION EVALUATION

checkpoint SHA: 25ad8b1482be20e9d5e450770d6970b820ebc9470c9da3c4ec46db2558009402
device:         cuda
gpu:            NVIDIA GeForce RTX 5090
evaluated images: 456
clipped GT rectangles: 21
attack: targeted bonafide pixel-space L_inf PGD
epsilon: 1.00/255
alpha:   0.25/255
steps:   10
random start: yes
attack support: document content only
padding: frozen exactly
localisation evaluator: frozen clean_rma.compute_rma_metrics
uncertainty: file-stem cluster bootstrap 95% CI
max pixel L_inf: 0.00392159
max padding change: 0
max clean-vs-saved probability error: 0.00141597

PRIMARY FULL SUMMARY:
evaluation_split    variant  n_images  n_stems  n_clean_correct  n_adv_correct  n_attack_success  clean_attack_accuracy  adv_attack_accuracy  attack_success_rate_clean_correct   A_mean  clean_zero_cam_fraction  adv_zero_cam_fraction  cam_change_defined_fraction  pixel_linf_mean  pixel_linf_max  padding_max_abs_error  max_saved_probability_abs_error  attack_success_ci_low  attack_success_ci_high  clean_p_attack_mean  clean_p_attack_ci_low  clean_p_attack_ci_high  adv_p_attack_mean  adv_p_attack_ci_low  adv_p_attack_ci_high  clean_margin_mean  clean_margin_ci_low  clean_margin_ci_high  adv_margin_mean  adv_margin_ci_low  adv_margin_ci_high  E_clean_mean  E_clean_ci_low  E_clean_ci_high  E_adv_mean  E_adv_ci_low  E_adv_ci_high  mu_w_clean_mean  mu_w_clean_ci_low  mu_w_clean_ci_high  mu_w_adv_mean  mu_w_adv_ci_low  mu_w_adv_ci_high  PG_clean_mean  PG_clean_ci_low  PG_clean_ci_high  PG_adv_mean  PG_adv_ci_low  PG_adv_ci_high  delta_E_mean  delta_E_ci_low  delta_E_ci_high  absolute_E_degradation_mean  absolute_E_degradation_ci_low  absolute_E_degradation_ci_high  relative_E_change_mean  relative_E_change_ci_low  relative_E_change_ci_high  relative_E_degradation_mean  relative_E_degradation_ci_low  relative_E_degradation_ci_high  delta_mu_w_mean  delta_mu_w_ci_low  delta_mu_w_ci_high  absolute_mu_w_degradation_mean  absolute_mu_w_degradation_ci_low  absolute_mu_w_degradation_ci_high  relative_mu_w_change_mean  relative_mu_w_change_ci_low  relative_mu_w_change_ci_high  relative_mu_w_degradation_mean  relative_mu_w_degradation_ci_low  relative_mu_w_degradation_ci_high  delta_PG_mean  delta_PG_ci_low  delta_PG_ci_high  absolute_PG_degradation_mean  absolute_PG_degradation_ci_low  absolute_PG_degradation_ci_high  cam_cosine_mean  cam_cosine_ci_low  cam_cosine_ci_high  cam_tv_mean  cam_tv_ci_low  cam_tv_ci_high
         dev_val  digital_1       153       51              153              0               153                   1.00                  0.0                                1.0 0.158975                      0.0               0.307190                     0.692810         0.003922        0.003922                    0.0                         0.000239                    1.0                     1.0             0.999755               0.999584                0.999889           0.000089             0.000055              0.000130          12.939187            12.136511             13.786781       -12.367516         -13.013845          -11.750673      0.706646        0.677289         0.735911    0.221404      0.189156       0.252007         4.774537           4.461639            5.097033       1.541632         1.278006          1.827381       1.000000         1.000000          1.000000     0.535948       0.437908        0.627451     -0.485241       -0.534865        -0.436660                     0.485241                       0.438390                        0.536282               -0.667523                 -0.718418                  -0.617126                     0.667523                       0.616616                        0.717906        -3.232905          -3.615873           -2.873361                        3.232905                          2.868898                           3.632999                  -0.667523                    -0.716200                     -0.618873                        0.667523                          0.616292                           0.719640      -0.464052        -0.555556         -0.372549                      0.464052                        0.372549                         0.555556         0.299401           0.253209            0.353038     0.851854       0.822434        0.879559
         dev_val  digital_2       153       51              153              0               153                   1.00                  0.0                                1.0 0.092581                      0.0               0.967320                     0.032680         0.003922        0.003922                    0.0                         0.000227                    1.0                     1.0             0.999778               0.999587                0.999933           0.000013             0.000004              0.000029          14.998841            13.830489             16.243621       -14.818883         -15.507938          -14.156375      0.545955        0.513795         0.579206    0.013845      0.000000       0.035830         6.161298           5.858305            6.441759       0.152459         0.000000          0.388322       0.522876         0.418301          0.627451     0.006536       0.000000        0.019608     -0.532111       -0.567457        -0.496356                     0.532111                       0.497565                        0.567047               -0.977157                 -1.000000                  -0.941113                     0.977157                       0.941113                        1.000000        -6.008839          -6.329066           -5.658723                        6.008839                          5.654998                           6.340057                  -0.977157                    -1.000000                     -0.941113                        0.977157                          0.941113                           1.000000      -0.516340        -0.627451         -0.405229                      0.516340                        0.405229                         0.620915         0.244626           0.103334            0.361960     0.886419       0.803292        0.973605
   official_test facedancer       150       89              144              0               144                   0.96                  0.0                                1.0 0.065444                      0.0               0.866667                     0.133333         0.003922        0.003922                    0.0                         0.001416                    1.0                     1.0             0.954557               0.910361                0.987096           0.000096             0.000049              0.000162          13.165771            11.565737             14.692425       -11.443109         -11.905379          -11.018373      0.488759        0.463668         0.513220    0.063722      0.032681       0.096943         7.832890           7.542688            8.118850       0.947488         0.505438          1.429037       0.700000         0.597403          0.794702     0.080000       0.039735        0.126667     -0.425038       -0.460973        -0.387017                     0.425038                       0.386689                        0.461897               -0.872300                 -0.933003                  -0.807162                     0.872300                       0.806061                        0.932894        -6.885403          -7.414686           -6.321936                        6.885403                          6.314148                           7.410312                  -0.872300                    -0.931093                     -0.807036                        0.872300                          0.807209                           0.932208      -0.620000        -0.721864         -0.519468                      0.620000                        0.517001                         0.723411         0.417748           0.324109            0.512274     0.764660       0.695511        0.832417

CLEAN-CORRECT OUTCOME DIAGNOSTIC:
evaluation_split    variant  attack_success  n_images  n_stems  adv_zero_cam_fraction  cam_change_defined_fraction  adv_p_attack_mean  adv_p_attack_ci_low  adv_p_attack_ci_high  absolute_E_degradation_mean  absolute_E_degradation_ci_low  absolute_E_degradation_ci_high  relative_E_degradation_mean  relative_E_degradation_ci_low  relative_E_degradation_ci_high  absolute_mu_w_degradation_mean  absolute_mu_w_degradation_ci_low  absolute_mu_w_degradation_ci_high  relative_mu_w_degradation_mean  relative_mu_w_degradation_ci_low  relative_mu_w_degradation_ci_high  absolute_PG_degradation_mean  absolute_PG_degradation_ci_low  absolute_PG_degradation_ci_high  cam_cosine_mean  cam_cosine_ci_low  cam_cosine_ci_high  cam_tv_mean  cam_tv_ci_low  cam_tv_ci_high
         dev_val  digital_1            True       153       51               0.307190                     0.692810           0.000089             0.000055              0.000130                     0.485241                       0.438390                        0.536282                     0.667523                       0.616616                        0.717906                        3.232905                          2.868898                           3.632999                        0.667523                          0.616292                           0.719640                      0.464052                        0.372549                         0.555556         0.299401           0.253209            0.353038     0.851854       0.822434        0.879559
         dev_val  digital_2            True       153       51               0.967320                     0.032680           0.000013             0.000004              0.000029                     0.532111                       0.497565                        0.567047                     0.977157                       0.941113                        1.000000                        6.008839                          5.654998                           6.340057                        0.977157                          0.941113                           1.000000                      0.516340                        0.405229                         0.620915         0.244626           0.103334            0.361960     0.886419       0.803292        0.973605
   official_test facedancer            True       144       86               0.861111                     0.138889           0.000100             0.000052              0.000168                     0.427672                       0.388103                        0.465811                     0.866979                       0.802721                        0.928811                        6.836470                          6.269126                           7.399567                        0.866979                          0.798781                           0.929208                      0.638889                        0.535012                         0.738255         0.417748           0.318369            0.508972     0.764660       0.695230        0.832750

OUTPUTS:
  config:          /home/sush/ForgedDocDeepID/output/resnet18_adversarial_localisation_pgd_eps1_full/pgd_eps1_config.json
  selection:       /home/sush/ForgedDocDeepID/output/resnet18_adversarial_localisation_pgd_eps1_full/pgd_eps1_selection.csv
  per image:       /home/sush/ForgedDocDeepID/output/resnet18_adversarial_localisation_pgd_eps1_full/pgd_eps1_per_image.csv
  summary:         /home/sush/ForgedDocDeepID/output/resnet18_adversarial_localisation_pgd_eps1_full/pgd_eps1_summary.csv
  outcome summary: /home/sush/ForgedDocDeepID/output/resnet18_adversarial_localisation_pgd_eps1_full/pgd_eps1_outcome_summary.csv
  CAMs:            /home/sush/ForgedDocDeepID/output/resnet18_adversarial_localisation_pgd_eps1_full/pgd_eps1_layer4_maps.npz

STOP HERE.
Next experiment is the classification-preserving localisation attack.
