/home/u5757978/miniforge3/envs/idxai/lib/python3.11/site-packages/timm/models/layers/__init__.py:49: FutureWarning: Importing from timm.models.layers is deprecated, please import via timm.layers
  warnings.warn(f"Importing from {__name__} is deprecated, please import via timm.layers", FutureWarning)
TRUFOR STAGE 22 — SIX-IMAGE x 10-STEP ADVERSARIAL PILOT
run tag:              LABPC
device:               cuda:0
GPU:                  NVIDIA RTX PRO 5000 Blackwell
protocol SHA:         5840aa9bee076b493c6a645e140edaad892373433c7e919e95ed4e60e44158d5
execution freeze SHA: 3978b75cc3d525d6c77b4bae284546494f5dd0fa930dbf202f2115101c65354a
threshold:            0.532955974340439
memory gate:          validated v2 prerequisite PASS
resume:               per-image atomic
on image error:       record failure and CONTINUE

CPU-first dual-model load PASS
{
  "attack_model_parameter_device": "cuda:0",
  "checkpoint_epoch": 81,
  "checkpoint_tensor_device": "cpu",
  "reference_model_parameter_device": "cuda:0",
  "strict_attack_missing": 0,
  "strict_attack_unexpected": 0,
  "strict_reference_missing": 0,
  "strict_reference_unexpected": 0
}
Validated memory route:
{
  "attention_chunk_activation_checkpointing": true,
  "attention_chunk_checkpoint_use_reentrant": false,
  "attention_modules": 32,
  "dncnn_segments": 4,
  "inplace_activations_disabled": 38,
  "max_score_elems": 300000000,
  "mlp_modules": 32
}
model load/patch wall time: 4.7s

[1/6] textdiffuserft_bfei | 3248x2088 | clean score=0.976692 | test/attack/textdiffuserft_bfei/huawei/chinese2-flickr_M_33552319041_2631ab0a0c_c.jpg
    step 01/10 | E=0.052624 | score=0.850684 | linf=0.00098039 | accepted=1 | pullback=0 lambda=1.00000 | 91.6s
    step 02/10 | E=0.035365 | score=0.814099 | linf=0.00196078 | accepted=1 | pullback=0 lambda=1.00000 | 237.7s
