/home/u5757978/miniforge3/envs/idxai/lib/python3.11/site-packages/timm/models/layers/__init__.py:49: FutureWarning: Importing from timm.models.layers is deprecated, please import via timm.layers
  warnings.warn(f"Importing from {__name__} is deprecated, please import via timm.layers", FutureWarning)
LABPC STAGE 09 — POLICY-C NATIVE TRUFOR INFERENCE
output root: /home/u5757978/ForgedDocDeepID/output/LABPC/trufor_pretrained_policy_c_native
condition: Policy-C only
preprocessing: native HxW RGB -> float32 / 256.0
NO resize, crop, padding, or extra JPEG stage
images: 1844
device: cuda:0
gpu: NVIDIA RTX PRO 5000 Blackwell
processed 25/1844 | elapsed=0.9 min | last=dev_val::huawei
processed 50/1844 | elapsed=1.8 min | last=dev_val:digital_2:iphone15pro
processed 75/1844 | elapsed=2.7 min | last=dev_val:digital_1:scan
processed 100/1844 | elapsed=4.3 min | last=dev_val:digital_1:huawei
processed 125/1844 | elapsed=5.3 min | last=dev_val::iphone15pro
processed 150/1844 | elapsed=6.2 min | last=dev_val:digital_2:scan
processed 175/1844 | elapsed=8.2 min | last=dev_val:digital_2:huawei
processed 200/1844 | elapsed=9.1 min | last=dev_val:digital_1:iphone15pro
processed 225/1844 | elapsed=10.1 min | last=dev_val::scan
processed 250/1844 | elapsed=11.2 min | last=dev_val::huawei
processed 275/1844 | elapsed=12.2 min | last=dev_val:digital_2:iphone15pro
processed 300/1844 | elapsed=13.6 min | last=dev_val:digital_1:scan
processed 325/1844 | elapsed=15.2 min | last=dev_val:digital_1:huawei
processed 350/1844 | elapsed=17.2 min | last=dev_val::iphone15pro
processed 375/1844 | elapsed=18.9 min | last=dev_val:digital_2:scan
processed 400/1844 | elapsed=20.2 min | last=dev_val:digital_2:huawei
processed 425/1844 | elapsed=21.2 min | last=dev_val:digital_1:iphone15pro
processed 450/1844 | elapsed=22.2 min | last=dev_val::scan
processed 475/1844 | elapsed=23.6 min | last=official_test:digital_3:huawei
processed 500/1844 | elapsed=25.0 min | last=official_test:digital_3:huawei
processed 525/1844 | elapsed=27.2 min | last=official_test:digital_3:huawei
processed 550/1844 | elapsed=29.3 min | last=official_test:digital_3:huawei
processed 575/1844 | elapsed=31.3 min | last=official_test:digital_3:huawei
processed 600/1844 | elapsed=33.0 min | last=official_test:digital_3:huawei
processed 625/1844 | elapsed=34.8 min | last=official_test:digital_3:huawei
processed 650/1844 | elapsed=36.8 min | last=official_test:digital_3:huawei
processed 675/1844 | elapsed=38.4 min | last=official_test:digital_3:huawei
processed 700/1844 | elapsed=40.9 min | last=official_test:digital_3:huawei
processed 725/1844 | elapsed=43.9 min | last=official_test:digital_3:iphone15pro
processed 750/1844 | elapsed=45.0 min | last=official_test:digital_3:iphone15pro
processed 775/1844 | elapsed=46.0 min | last=official_test:digital_3:iphone15pro
processed 800/1844 | elapsed=47.0 min | last=official_test:digital_3:iphone15pro
processed 825/1844 | elapsed=48.0 min | last=official_test:digital_3:iphone15pro
processed 850/1844 | elapsed=49.1 min | last=official_test:digital_3:iphone15pro
processed 875/1844 | elapsed=50.1 min | last=official_test:digital_3:iphone15pro
processed 900/1844 | elapsed=51.2 min | last=official_test:digital_3:iphone15pro
processed 925/1844 | elapsed=52.3 min | last=official_test:digital_3:iphone15pro
processed 950/1844 | elapsed=53.3 min | last=official_test:digital_3:iphone15pro
processed 975/1844 | elapsed=54.4 min | last=official_test:digital_3:iphone15pro
processed 1000/1844 | elapsed=55.1 min | last=official_test:digital_3:scan
processed 1025/1844 | elapsed=55.6 min | last=official_test:digital_3:scan
processed 1050/1844 | elapsed=56.2 min | last=official_test:digital_3:scan
processed 1075/1844 | elapsed=56.7 min | last=official_test:digital_3:scan
processed 1100/1844 | elapsed=57.2 min | last=official_test:digital_3:scan
processed 1125/1844 | elapsed=57.7 min | last=official_test:digital_3:scan
processed 1150/1844 | elapsed=58.3 min | last=official_test:digital_3:scan
processed 1175/1844 | elapsed=58.8 min | last=official_test:digital_3:scan
processed 1200/1844 | elapsed=59.4 min | last=official_test:digital_3:scan
processed 1225/1844 | elapsed=59.9 min | last=official_test:digital_3:scan
processed 1250/1844 | elapsed=63.7 min | last=official_test:facedancer:huawei
processed 1275/1844 | elapsed=73.8 min | last=official_test:facedancer:huawei
processed 1300/1844 | elapsed=75.6 min | last=official_test:facedancer:iphone15
processed 1325/1844 | elapsed=76.7 min | last=official_test:facedancer:iphone15
processed 1350/1844 | elapsed=77.6 min | last=official_test:facedancer:scan
processed 1375/1844 | elapsed=78.2 min | last=official_test:facedancer:scan
processed 1400/1844 | elapsed=80.7 min | last=official_test:textdiffuserft_bfei:huawei
processed 1425/1844 | elapsed=85.9 min | last=official_test:textdiffuserft_bfei:huawei
processed 1450/1844 | elapsed=87.0 min | last=official_test:textdiffuserft_bfei:iphone15
processed 1475/1844 | elapsed=88.0 min | last=official_test:textdiffuserft_bfei:iphone15
processed 1500/1844 | elapsed=88.9 min | last=official_test:textdiffuserft_bfei:scan
processed 1525/1844 | elapsed=89.3 min | last=official_test:textdiffuserft_bfei:scan
processed 1550/1844 | elapsed=90.1 min | last=official_test::huawei
processed 1575/1844 | elapsed=91.5 min | last=official_test::huawei
processed 1600/1844 | elapsed=93.0 min | last=official_test::huawei
processed 1625/1844 | elapsed=94.4 min | last=official_test::huawei
processed 1650/1844 | elapsed=95.7 min | last=official_test::iphone15
processed 1675/1844 | elapsed=96.7 min | last=official_test::iphone15
processed 1700/1844 | elapsed=97.6 min | last=official_test::iphone15
processed 1725/1844 | elapsed=98.6 min | last=official_test::iphone15
processed 1750/1844 | elapsed=99.5 min | last=official_test::scan
processed 1775/1844 | elapsed=99.9 min | last=official_test::scan
processed 1800/1844 | elapsed=100.4 min | last=official_test::scan
processed 1825/1844 | elapsed=100.8 min | last=official_test::scan
processed 1844/1844 | elapsed=101.2 min | last=official_test::scan

LABPC STAGE 09 PASS
manifest: /home/u5757978/ForgedDocDeepID/output/LABPC/trufor_pretrained_policy_c_native/inference_manifest.csv
maps:     /home/u5757978/ForgedDocDeepID/output/LABPC/trufor_pretrained_policy_c_native/maps

Detection-score quick audit (not final metrics):
                            count     mean   median      min      max
eval_split    traffic_type                                           
dev_val       attack          306 0.778009 0.789621 0.365608 0.999781
              bonafide        153 0.540912 0.542123 0.189899 0.899913
official_test attack         1085 0.923961 0.994953 0.291450 0.999995
              bonafide        300 0.546509 0.546740 0.227012 0.877649

Proceed to LABPC Stage 10 for cross-machine reproducibility gate.
Do NOT recalibrate the threshold.
