/home/u5757978/miniforge3/envs/idxai/lib/python3.11/site-packages/timm/models/layers/__init__.py:49: FutureWarning: Importing from timm.models.layers is deprecated, please import via timm.layers
  warnings.warn(f"Importing from {__name__} is deprecated, please import via timm.layers", FutureWarning)
LABPC STAGE 18 — LARGEST NATIVE IMAGE MEMORY GATE
GPU: NVIDIA RTX PRO 5000 Blackwell
image: test/attack/textdiffuserft_bfei/huawei/chinese2-flickr_M_33552319041_2631ab0a0c_c.jpg
native: 3248x2088 (6.782 MP)
max_score_elems: 300000000
dncnn_segments: 4
allocator: default

CUDA trivial allocation PASS: tensor([0.], device='cuda:0')

Loading unmodified authoritative reference model...
Loading corrected memory-efficient attack model...
route_info: {"attention_wrapped": 32, "dncnn_chunks_actual": 4, "dncnn_segments_requested": 4, "dncnn_wrapped": true, "inplace_ops_disabled": 38, "max_score_elems": 300000000, "mlp_wrapped": 32, "route": "full_native_ckpt_exact_query_chunk_v2", "stack_depths": {"block1": 3, "block2": 4, "block3": 6, "block4": 3, "extra_block1": 3, "extra_block2": 4, "extra_block3": 6, "extra_block4": 3}}
backend: {"CUBLAS_WORKSPACE_CONFIG": null, "PYTORCH_ALLOC_CONF": null, "PYTORCH_CUDA_ALLOC_CONF": null, "cuda.matmul.allow_tf32": false, "cudnn.allow_tf32": true, "cudnn.benchmark": false, "cudnn.deterministic": false, "cudnn.enabled": false, "deterministic_algorithms": false, "float32_matmul_precision": "highest"}

Running memory-efficient differentiable forward...
  clean parity map=1.13e-06 score=0 E=9.71e-08
  attention chunks=148 split_modules=32 max_chunks=10
Running first-order input-gradient backward...
Running authoritative candidate evaluation...

LABPC STAGE 18 — LARGEST-IMAGE MEMORY GATE

STATUS: PASS
image: test/attack/textdiffuserft_bfei/huawei/chinese2-flickr_M_33552319041_2631ab0a0c_c.jpg
native: 3248x2088 (6.782 MP)
max_score_elems: 300000000
dncnn_segments: 4
clean map parity max abs: 1.13248825e-06
clean score parity abs:   0
clean E parity abs:       9.70535982e-08
total query chunks:       148
split attention modules:  32
max chunks/attention:     10
realised Linf physical:   0.000980392215
E: 0.755468 -> 0.052624
score: 0.976692 -> 0.850684
classification preserved: True

MEMORY GATE: PASS
The largest native image completed forward + first-order backward
+ one projected step using the corrected forced-chunk route.

STOP HERE.
Do not run the full six-image/full multi-step attack yet.

report: /home/u5757978/ForgedDocDeepID/output/LABPC/trufor_memory_efficient_largest_image_gate/stage18_report.txt
